// Jest Snapshot v1, https://goo.gl/fbAQLP

exports[`Header component Should match test snapshot 1`] = `
<div>
  <header
    class="MuiPaper-root MuiPaper-elevation MuiPaper-elevation4 MuiAppBar-root MuiAppBar-colorDefault MuiAppBar-positionSticky css-1hnfq8z-MuiPaper-root-MuiAppBar-root"
  >
    <div
      class="MuiToolbar-root MuiToolbar-gutters MuiToolbar-regular css-hyum1k-MuiToolbar-root"
    >
      <div
        class="MuiGrid-root MuiGrid-container css-1lym95h-MuiGrid-root"
      >
        <div
          class="MuiGrid-root MuiGrid-item MuiGrid-grid-md-true MuiGrid-grid-lg-true MuiGrid-grid-xl-true css-ehu4kr-MuiGrid-root"
        />
        <div
          class="MuiGrid-root MuiGrid-item MuiGrid-grid-xs-9 MuiGrid-grid-sm-9 MuiGrid-grid-md-4 MuiGrid-grid-lg-6 MuiGrid-grid-xl-6 css-rwhae5-MuiGrid-root"
        >
          <div
            class="MuiAvatar-root MuiAvatar-circular MuiAvatar-colorDefault css-2s90m6-MuiAvatar-root"
          >
            <svg
              aria-hidden="true"
              class="MuiSvgIcon-root MuiSvgIcon-fontSizeMedium MuiAvatar-fallback css-10mi8st-MuiSvgIcon-root-MuiAvatar-fallback"
              data-testid="PersonIcon"
              focusable="false"
              viewBox="0 0 24 24"
            >
              <path
                d="M12 12c2.21 0 4-1.79 4-4s-1.79-4-4-4-4 1.79-4 4 1.79 4 4 4zm0 2c-2.67 0-8 1.34-8 4v2h16v-2c0-2.66-5.33-4-8-4z"
              />
            </svg>
          </div>
        </div>
        <div
          class="MuiGrid-root MuiGrid-item MuiGrid-grid-xs-2 MuiGrid-grid-md-6 MuiGrid-grid-lg-5 MuiGrid-grid-xl-4 css-14ysysj-MuiGrid-root"
        >
          <div
            class="MuiBox-root css-1ccvj77"
          >
            <div
              class="header--menu-items MuiBox-root css-0"
            >
              <a
                class="MuiTypography-root MuiTypography-button MuiLink-root MuiLink-underlineNone css-m3nf4w-MuiTypography-root-MuiLink-root"
                href="/"
              >
                home
              </a>
              <a
                class="MuiTypography-root MuiTypography-button MuiLink-root MuiLink-underlineNone css-m3nf4w-MuiTypography-root-MuiLink-root"
                href="/about-me"
              >
                about me
              </a>
              <a
                class="MuiTypography-root MuiTypography-button MuiLink-root MuiLink-underlineNone css-m3nf4w-MuiTypography-root-MuiLink-root"
                href="/cv"
              >
                cv
              </a>
            </div>
          </div>
        </div>
        <div
          class="MuiGrid-root MuiGrid-item MuiGrid-grid-xs-true MuiGrid-grid-sm-true MuiGrid-grid-md-true MuiGrid-grid-xl-true css-14xwpcs-MuiGrid-root"
        >
          <div
            class="MuiBox-root css-1vxiug2"
          >
            <div
              class="header--burger-menu MuiBox-root css-19qr23f"
              data-testid="header--burger-menu"
            >
              <svg
                aria-hidden="true"
                class="MuiSvgIcon-root MuiSvgIcon-fontSizeMedium css-i4bv87-MuiSvgIcon-root"
                data-testid="header--burger-menu-icon"
                focusable="false"
                viewBox="0 0 24 24"
              >
                <path
                  d="M3 18h18v-2H3v2zm0-5h18v-2H3v2zm0-7v2h18V6H3z"
                />
              </svg>
            </div>
          </div>
        </div>
      </div>
    </div>
    <div
      class="PrivateSwipeArea-root css-x15wq9"
      style="width: 20px;"
    />
  </header>
</div>
`;
